[backblue.gif]
[fade.gif]
[index.html]
[pk.madi.ru/engine/jslibs/jquery.js]
[pk.madi.ru/engine/jslibs/highslide/highslide.js]
[pk.madi.ru/templates/default/js/slides.min.jquery.js]
[pk.madi.ru/templates/default/js/popcorn.js]
[pk.madi.ru/templates/default/js/superfish-modified.js]
[pk.madi.ru/favicon.ico]
[pk.madi.ru/templates/default/images/logo.png]
[pk.madi.ru/uploads/images/2020/10/12/1602490751_p_1.png]
[pk.madi.ru/uploads/images/2020/10/12/1602495087_q.png]
[pk.madi.ru/uploads/images/2020/10/12/1602506771_cs.png]
[pk.madi.ru/uploads/images/2020/10/12/1602491374_m.png]
[pk.madi.ru/uploads/images/2021/08/02/1627911264_instagram-icon_novyyrazmer.png]
[pk.madi.ru/uploads/images/2021/08/02/1627910733_f_logo_RGB-Hex-Blue_512.webp]
[pk.madi.ru/uploads/images/2020/10/12/1602502814_lk.png]
[pk.madi.ru/templates/default/js/modernizr.custom.js]
[pk.madi.ru/templates/default/js/jquery.dlmenu.js]
[pk.madi.ru/uploads/files/2021/07/15/1626345029_Spravochnikdlyapostupayuschih.pdf]
[pk.madi.ru/uploads/files/2021/08/10/1628621016_Magistratura10.08.21.pdf]
[pk.madi.ru/uploads/images/2021/08/11/1628684415_852.png]
[pk.madi.ru/uploads/images/2021/07/30/1627639306_MAGISTRATURA.png]
[pk.madi.ru/uploads/images/2021/06/30/1625062774_Frame92.png]
[pk.madi.ru/uploads/images/2021/02/15/1613400016_ekzameny.png]
[pk.madi.ru/uploads/images/2021/02/15/1613374522_minbally.png]
[pk.madi.ru/uploads/images/2021/04/16/1618578404_Frame20.png]
[pk.madi.ru/uploads/images/2021/08/02/thumbs/1627909573_85.jpg]
[pk.madi.ru/uploads/files/2021/07/23/1627049999_PartnerskieobscheghitiyaMADI.pdf]
[pk.madi.ru/uploads/images/2021/07/23/1627049865_1538046122_dscf8790-2.jpg]
[pk.madi.ru/uploads/images/2021/07/13/1626166686_12.png]
[pk.madi.ru/uploads/images/2021/07/08/1625731304_DSCF4252.jpg]
[pk.madi.ru/templates/default/images/white.png]
[pk.madi.ru/index.html]
[pk.madi.ru/templates/default/images/fon.png]
[mc.yandex.ru/metrika/tag.js]
[pk.madi.ru/templates/default/images/1.png]
[pk.madi.ru/templates/default/images/2.png]
[pk.madi.ru/templates/default/images/3.png]
[pk.madi.ru/templates/default/images/4.png]
[pk.madi.ru/templates/default/images/vk_m.png]
[pk.madi.ru/templates/default/images/mail.png]
[pk.madi.ru/templates/default/images/fb_m.png]
[pk.madi.ru/templates/default/images/5.png]
[pk.madi.ru/templates/default/images/link.png]
[pk.madi.ru/templates/default/images/6.png]
[pk.madi.ru/templates/default/images/sp.png]
[pk.madi.ru/templates/default/css/style.css]
[pk.madi.ru/templates/default/images/slider/pagination.png]
[pk.madi.ru/templates/default/css/slider.css]
[pk.madi.ru/templates/default/css/superfish-modified.css]
[pk.madi.ru/templates/default/fonts/icomoon.eot]
[pk.madi.ru/templates/default/fonts/icomoond41d.eot]
[pk.madi.ru/templates/default/fonts/icomoon.woff]
[pk.madi.ru/templates/default/fonts/icomoon.ttf]
[pk.madi.ru/templates/default/images/m_lines.png]
[pk.madi.ru/templates/default/images/dontknow.png]
[pk.madi.ru/templates/default/css/burgermenu.css]
[pk.madi.ru/engine/jslibs/highslide/graphics/fullexpand.gif]
[pk.madi.ru/engine/jslibs/highslide/graphics/loader.white.gif]
[pk.madi.ru/engine/jslibs/highslide/graphics/close.png]
[pk.madi.ru/engine/jslibs/highslide/graphics/controlbar-white.gif]
[pk.madi.ru/engine/jslibs/highslide/graphics/resize.gif]
[pk.madi.ru/engine/jslibs/highslide/graphics/closeX.png]
[pk.madi.ru/engine/jslibs/highslide/graphics/controlbar-black-border.gif]
[pk.madi.ru/engine/jslibs/highslide/graphics/icon.gif]
[pk.madi.ru/engine/jslibs/highslide/graphics/controlbar-white-small.gif]
[pk.madi.ru/engine/jslibs/highslide/graphics/controlbar-text-buttons.png]
[pk.madi.ru/engine/jslibs/highslide/graphics/scrollarrows.png]
[pk.madi.ru/engine/jslibs/highslide/highslide.css]
[pk.madi.ru/engine/jslibs/highslide/graphics/index.html]
[pk.madi.ru/engine/jslibs/jquery.limit.js]
[pk.madi.ru/engine/jslibs/jquery.maskedinput-1.3.min.js]
[pk.madi.ru/engine/libs/PEAR/data/js/quickform.js]
[pk.madi.ru/engine/libs/PEAR/data/js/quickform-hierselect.js]
[pk.madi.ru/engine/libs/PEAR/data/js/quickform-repeat.js]
[www.google.com/recaptcha/api.js]
[pk.madi.ru/templates/default/images/down.png]
[pk.madi.ru/4450-zadat-vopros.html]
[pk.madi.ru/uploads/images/2021/05/28/1622185356_s3.png]
[pk.madi.ru/uploads/images/2021/05/28/thumbs/1622185356_s3.png]
[pk.madi.ru/uploads/images/2021/05/28/1622185348_s4.png]
[pk.madi.ru/uploads/images/2021/05/28/thumbs/1622185348_s4.png]
[pk.madi.ru/uploads/images/2021/05/28/1622185324_s7.png]
[pk.madi.ru/uploads/images/2021/05/28/thumbs/1622185324_s7.png]
[pk.madi.ru/uploads/images/2021/05/28/1622185338_s8.png]
[pk.madi.ru/uploads/images/2021/05/28/thumbs/1622185338_s8.png]
[pk.madi.ru/uploads/images/2021/05/28/1622185301_s9.png]
[pk.madi.ru/uploads/images/2021/05/28/thumbs/1622185301_s9.png]
[pk.madi.ru/uploads/images/2021/05/28/1622185341_s10.png]
[pk.madi.ru/uploads/images/2021/05/28/thumbs/1622185341_s10.png]
[pk.madi.ru/72-grafik-raboty.html]
[pk.madi.ru/uploads/images/2021/08/02/1627910914_VK_Blue_Logo_transparent1.svg]
[pk.madi.ru/uploads/images/2021/08/02/1627911083_youtube_social_squircle_red1.svg]
[pk.madi.ru/uploads/images/2021/08/02/1627910664_Telegram_2019_Logo.svg]
[pk.madi.ru/templates/default/images/search.svg]
[pk.madi.ru/10-informaciya-o-madi.html]
[pk.madi.ru/52-filialy-madi.html]
[pk.madi.ru/uploads/images/21-01-2016/1453381505_1.jpg]
[pk.madi.ru/uploads/images/21-01-2016/thumbs/1453381505_1.jpg]
[pk.madi.ru/uploads/images/21-01-2016/1453381558_2.jpg]
[pk.madi.ru/uploads/images/21-01-2016/thumbs/1453381558_2.jpg]
[pk.madi.ru/uploads/images/21-01-2016/1453381600_6.jpg]
[pk.madi.ru/uploads/images/21-01-2016/thumbs/1453381600_6.jpg]
[pk.madi.ru/uploads/images/21-01-2016/1453381615_4.jpg]
[pk.madi.ru/uploads/images/21-01-2016/thumbs/1453381615_4.jpg]
[pk.madi.ru/uploads/images/21-01-2016/1453381577_5.jpg]
[pk.madi.ru/uploads/images/21-01-2016/thumbs/1453381577_5.jpg]
[pk.madi.ru/uploads/images/21-01-2016/1453381589_11.jpg]
[pk.madi.ru/uploads/images/21-01-2016/thumbs/1453381589_11.jpg]
[pk.madi.ru/uploads/images/21-01-2016/1453381640_7.jpg]
[pk.madi.ru/uploads/images/21-01-2016/thumbs/1453381640_7.jpg]
[pk.madi.ru/uploads/images/21-01-2016/1453381654_3.jpg]
[pk.madi.ru/uploads/images/21-01-2016/thumbs/1453381654_3.jpg]
[pk.madi.ru/uploads/images/21-01-2016/1453381645_12.jpg]
[pk.madi.ru/uploads/images/21-01-2016/thumbs/1453381645_12.jpg]
[pk.madi.ru/uploads/images/21-01-2016/1453381617_8.jpg]
[pk.madi.ru/uploads/images/21-01-2016/thumbs/1453381617_8.jpg]
[pk.madi.ru/uploads/images/21-01-2016/1453381616_9.jpg]
[pk.madi.ru/uploads/images/21-01-2016/thumbs/1453381616_9.jpg]
[pk.madi.ru/50-obschezhitie-madi.html]
[pk.madi.ru/uploads/images/20-01-2017/1484917723_1413466973_032.jpg]
[pk.madi.ru/uploads/images/20-01-2017/thumbs/1484917723_1413466973_032.jpg]
[pk.madi.ru/uploads/images/20-01-2017/1484917725_1413466933_007.jpg]
[pk.madi.ru/uploads/images/20-01-2017/thumbs/1484917725_1413466933_007.jpg]
[pk.madi.ru/uploads/images/20-01-2017/1484917722_1413466928_031.jpg]
[pk.madi.ru/uploads/images/20-01-2017/thumbs/1484917722_1413466928_031.jpg]
[pk.madi.ru/uploads/images/20-01-2017/1484917813_1389622641_vla9tjm-pfy_novyy-razmer.jpg]
[pk.madi.ru/uploads/images/20-01-2017/thumbs/1484917813_1389622641_vla9tjm-pfy_novyy-razmer.jpg]
[pk.madi.ru/uploads/images/20-01-2017/1484917774_1389622634_d_mzuy3rc38_novyy-razmer.jpg]
[pk.madi.ru/uploads/images/20-01-2017/thumbs/1484917774_1389622634_d_mzuy3rc38_novyy-razmer.jpg]
[pk.madi.ru/uploads/images/20-01-2017/1484917743_1389622628_lztyviof3rq_novyy-razmer.jpg]
[pk.madi.ru/uploads/images/20-01-2017/thumbs/1484917743_1389622628_lztyviof3rq_novyy-razmer.jpg]
[pk.madi.ru/uploads/images/23-01-2017/1485116874_1474641711_img_6434.jpg]
[pk.madi.ru/uploads/images/23-01-2017/thumbs/1485116874_1474641711_img_6434.jpg]
[pk.madi.ru/uploads/images/23-01-2017/1485116918_1474641764_img_6416.jpg]
[pk.madi.ru/uploads/images/23-01-2017/thumbs/1485116918_1474641764_img_6416.jpg]
[pk.madi.ru/uploads/images/23-01-2017/1485116953_1474641770_img_6428.jpg]
[pk.madi.ru/uploads/images/23-01-2017/thumbs/1485116953_1474641770_img_6428.jpg]
[pk.madi.ru/uploads/images/23-01-2017/1485116873_1474641776_img_6435.jpg]
[pk.madi.ru/uploads/images/23-01-2017/thumbs/1485116873_1474641776_img_6435.jpg]
[pk.madi.ru/uploads/images/23-01-2017/1485116919_1475506792_dsc_6227.jpg]
[pk.madi.ru/uploads/images/23-01-2017/thumbs/1485116919_1475506792_dsc_6227.jpg]
[pk.madi.ru/uploads/images/23-01-2017/1485116861_1475506845_dsc_6252.jpg]
[pk.madi.ru/uploads/images/23-01-2017/thumbs/1485116861_1475506845_dsc_6252.jpg]
[pk.madi.ru/uploads/images/23-01-2017/1485116911_1475506866_dsc_6198.jpg]
[pk.madi.ru/uploads/images/23-01-2017/thumbs/1485116911_1475506866_dsc_6198.jpg]
[pk.madi.ru/uploads/images/23-01-2017/1485116872_1475666633_start1.jpg]
[pk.madi.ru/uploads/images/23-01-2017/thumbs/1485116872_1475666633_start1.jpg]
[pk.madi.ru/uploads/images/23-01-2017/1485116882_1475666703_larionov-2.jpg]
[pk.madi.ru/uploads/images/23-01-2017/thumbs/1485116882_1475666703_larionov-2.jpg]
[pk.madi.ru/uploads/images/23-01-2017/1485116941_1475666710_larionov.jpg]
[pk.madi.ru/uploads/images/23-01-2017/thumbs/1485116941_1475666710_larionov.jpg]
[pk.madi.ru/uploads/images/23-01-2017/1485116901_1475666711_lindgren1.jpg]
[pk.madi.ru/uploads/images/23-01-2017/thumbs/1485116901_1475666711_lindgren1.jpg]
[pk.madi.ru/uploads/images/23-01-2017/1485116927_1479281609_dsc00352.jpg]
[pk.madi.ru/uploads/images/23-01-2017/thumbs/1485116927_1479281609_dsc00352.jpg]
[pk.madi.ru/uploads/images/23-01-2017/1485116911_1480417454_2.jpg]
[pk.madi.ru/uploads/images/23-01-2017/thumbs/1485116911_1480417454_2.jpg]
[pk.madi.ru/uploads/images/23-01-2017/1485116907_1480417523_4.jpg]
[pk.madi.ru/uploads/images/23-01-2017/thumbs/1485116907_1480417523_4.jpg]
[pk.madi.ru/uploads/images/23-01-2017/1485116863_1480417527_3.jpg]
[pk.madi.ru/uploads/images/23-01-2017/thumbs/1485116863_1480417527_3.jpg]
[pk.madi.ru/uploads/images/23-01-2017/1485116915_1482155135_nagrada.jpg]
[pk.madi.ru/uploads/images/23-01-2017/thumbs/1485116915_1482155135_nagrada.jpg]
[pk.madi.ru/uploads/images/23-01-2017/1485116862_1482832140_dsc04229.jpg]
[pk.madi.ru/uploads/images/23-01-2017/thumbs/1485116862_1482832140_dsc04229.jpg]
[pk.madi.ru/uploads/images/23-01-2017/1485116866_1482832283_dsc04297.jpg]
[pk.madi.ru/uploads/images/23-01-2017/thumbs/1485116866_1482832283_dsc04297.jpg]
[pk.madi.ru/uploads/images/23-01-2017/1485116895_1482832607_dsc04261.jpg]
[pk.madi.ru/uploads/images/23-01-2017/thumbs/1485116895_1482832607_dsc04261.jpg]
[pk.madi.ru/uploads/images/23-01-2017/1485116896_1482832995_dsc04352.jpg]
[pk.madi.ru/uploads/images/23-01-2017/thumbs/1485116896_1482832995_dsc04352.jpg]
[pk.madi.ru/uploads/images/23-01-2017/1485116944_1482846796_dsc03305-kopiya.jpg]
[pk.madi.ru/uploads/images/23-01-2017/thumbs/1485116944_1482846796_dsc03305-kopiya.jpg]
[pk.madi.ru/uploads/images/23-01-2017/1485116888_1482846797_dsc03137-kopiya.jpg]
[pk.madi.ru/uploads/images/23-01-2017/thumbs/1485116888_1482846797_dsc03137-kopiya.jpg]
[pk.madi.ru/uploads/images/23-01-2017/1485116907_1482846847_dsc03143-kopiya.jpg]
[pk.madi.ru/uploads/images/23-01-2017/thumbs/1485116907_1482846847_dsc03143-kopiya.jpg]
[pk.madi.ru/uploads/images/23-01-2017/1485116940_1482847671_dsc03325.jpg]
[pk.madi.ru/uploads/images/23-01-2017/thumbs/1485116940_1482847671_dsc03325.jpg]
[pk.madi.ru/51-sportivno-massovye-meropriyatiya.html]
[pk.madi.ru/uploads/images/2021/06/15/thumbs/1623753990_kart.jpg]
[pk.madi.ru/uploads/images/2021/06/10/1623317749_Prevyyu,novostiPK.jpg]
[pk.madi.ru/uploads/images/2021/05/26/1622021838_image.jpg]
[pk.madi.ru/uploads/images/2021/05/26/1622015311_12.png]
[pk.madi.ru/uploads/images/2021/04/29/1619689814_1619520016_20210424_103928_novyyrazmer.jpg]
[pk.madi.ru/uploads/images/2021/04/21/1619033932_Frame65.jpg]
[pk.madi.ru/uploads/images/2021/03/30/1617091656_463.png]
[pk.madi.ru/uploads/images/2021/03/30/1617091287_123.png]
[pk.madi.ru/news/index.html]
[pk.madi.ru/49-voennaya-kafedra-madi.html]
[pk.madi.ru/uploads/files/2020/06/16/1592318209_Dogovor na obuchenie.pdf]
[pk.madi.ru/uploads/files/2020/11/30/1606727083_1561533695_Nalogovyyvychet.pdf]
[pk.madi.ru/uploads/files/2020/11/30/1606727032_1561533700_Oplataobucheniyamat.kapitalom.pdf]
[pk.madi.ru/uploads/files/2021/07/16/1626420759_ObrazovatelynyykreditinstitutMADI.pdf]
[pk.madi.ru/62-platnoe-obuchenie-v-madi.html]
[pk.madi.ru/uploads/files/2021/04/01/1617271605_Ustav2018+izm2019+izm2020.pdf]
[pk.madi.ru/uploads/files/2020/03/04/1583308328_Akkreditaciya MADI 2020 vse.pdf]
[pk.madi.ru/uploads/files/19-06-2017/1497859812_1485806381_novaya_licenziya.pdf]
[pk.madi.ru/uploads/files/28-09-2018/1538106678_polozhenie-ob-ekzamenacionnyh-i-apellyacionnyh-komissiyah.pdf]
[pk.madi.ru/uploads/files/2021/03/31/1617175220_Prikaz561poPK.pdf]
[pk.madi.ru/uploads/files/2021/03/31/1617175280_162o.d.ot24.03.2021Oformirovaniipredmetnyhkomissiy.pdf]
[pk.madi.ru/uploads/files/28-09-2018/1538104919_polozhenie-o-priemnoy-komissii.pdf]
[pk.madi.ru/uploads/files/2021/03/23/1616484703_ITOGIPRIEMAV2020GODU.pdf]
[pk.madi.ru/uploads/files/2021/07/09/1625815651_PoryadokprovedeniyaVIbakspecsispDT.pdf]
[pk.madi.ru/55-osnovnye-normativnye-dokumenty-priemnoy-komissii.html]
[pk.madi.ru/uploads/files/2021/03/10/1615365993_OMMO-202111.pdf]
[pk.madi.ru/uploads/files/2021/03/10/1615365917_OMMO10.pdf]
[pk.madi.ru/uploads/files/2021/04/15/1618470510_Napravleniya-olimpiady.pdf]
[pk.madi.ru/uploads/files/2021/04/15/1618470436_PerechenyolimpiadvMADI.pdf]
[pk.madi.ru/63-olimpiady-i-konferencii.html]
[pk.madi.ru/8-dlya-obuchayuschihsya-v-shkolah-i-kolledzhah.html]
[pk.madi.ru/4445-bakalavriat-i-specialitet.html]
[pk.madi.ru/uploads/files/2021/05/26/1622026915_PP2021redakciya2.pdf]
[pk.madi.ru/uploads/files/2020/11/03/1604398273_doc01615720201103100723.pdf]
[pk.madi.ru/uploads/files/2021/07/21/1626896248_PologhenieovstupitpoMAGISTR.pdf]
[pk.madi.ru/94-magistratura.html]
[pk.madi.ru/11-fakultety-madi.html]
[pk.madi.ru/58-pravila-priema.html]
[pk.madi.ru/59-plan-priema.html]
[pk.madi.ru/46-napravleniya-podgotovki-bakalavriata-i-specialiteta.html]
[pk.madi.ru/2464-informaciya-o-srokah-provedeniya-priema.html]
[pk.madi.ru/60-osobye-prava-abiturientov.html]
[pk.madi.ru/uploads/files/2020/10/30/1604072844_doc01615020201030155039.pdf]
[pk.madi.ru/4451-uchet-individualnyh-dostizheniy.html]
[pk.madi.ru/99-minimalnoe-kolichestvo-ballov.html]
[pk.madi.ru/56-predostavlenie-mest-v-obschezhitii.html]
[pk.madi.ru/2467-prioritetnost-vstupitelnyh-ispytaniy.html]
[pk.madi.ru/uploads/files/2020/11/23/1606125422_Matematika.pdf]
[pk.madi.ru/uploads/files/2020/11/23/1606125470_Russkiy.pdf]
[pk.madi.ru/uploads/files/2020/11/23/1606125448_Fizika.pdf]
[pk.madi.ru/uploads/files/2020/11/23/1606125479_INFORMATIKa.pdf]
[pk.madi.ru/uploads/files/2020/11/23/1606125411_Inostrannyy.pdf]
[pk.madi.ru/uploads/files/2020/11/23/1606125482_Obschestvoznanie.pdf]
[pk.madi.ru/4470-programmy-vstupitelnyh-ekzamenov-madi.html]
[pk.madi.ru/uploads/files/2021/05/24/1621851831_DogovorOcelevomobuchenii_dvuhstoronniy_primer.pdf]
[pk.madi.ru/uploads/files/2021/05/24/1621851856_DogovorOcelevomobuchenii_trehstoronniy_primer.pdf]
[pk.madi.ru/101-celevoy-priem.html]
[pk.madi.ru/4452-provedenie-vstupitelnyh-ispytaniy-dlya-lic-s-ovz.html]
[pk.madi.ru/2466-pravila-podachi-apellyaciy.html]
[pk.madi.ru/2465-informaciya-o-neobhodimosti-prohozhdeniya-obyazatelnogo-pred.html]
[pk.madi.ru/2468-informaciya-o-mestah-priema-dokumentov.html]
[pk.madi.ru/kontakty.html]
[pk.madi.ru/uploads/files/2021/07/14/1626260490_MatematikaVI14.07.pdf]
[pk.madi.ru/uploads/images/2021/04/21/thumbs/1618999110_document.png]
[pk.madi.ru/uploads/files/2021/08/06/1628260308_Rezulytatyvstupitelynogoispytaniya(1).pdf]
[pk.madi.ru/uploads/files/2021/07/28/1627492606_Rezulytatyobschestvo16.07.pdf]
[pk.madi.ru/uploads/files/2021/07/28/1627492557_RezulytatyIKT19.07.pdf]
[pk.madi.ru/uploads/files/2021/08/11/1628672662_RezulytatyIKT10.08.pdf]
[pk.madi.ru/uploads/files/2021/07/28/1627492618_Rezulytatyfizika20.07.pdf]
[pk.madi.ru/uploads/files/2021/08/11/1628672610_Rezulytatyfizika10.08.pdf]
[pk.madi.ru/uploads/files/2021/07/28/1627492616_RezulytatyInostrannyy21.07.pdf]
[pk.madi.ru/uploads/files/2021/07/28/1627492601_RezulytatyRusskiy23.07.pdf]
[pk.madi.ru/uploads/files/2021/07/26/1627323855_RezulytatyRezervnyydeny26.07.pdf]
[pk.madi.ru/uploads/files/2021/07/29/1627549270_Rezulytatyvstupitelynogoispytaniya.pdf]
[pk.madi.ru/122-rezultaty-vstupitelnyh-ispytaniy.html]
[pk.madi.ru/uploads/images/2021/06/11/1623409052_s5.png]
[pk.madi.ru/uploads/images/2021/06/11/thumbs/1623409052_s5.png]
[pk.madi.ru/uploads/images/2021/06/11/1623409051_s6.png]
[pk.madi.ru/uploads/images/2021/06/11/thumbs/1623409051_s6.png]
[pk.madi.ru/uploads/images/2021/06/11/1623409122_s11.png]
[pk.madi.ru/uploads/images/2021/06/11/thumbs/1623409122_s11.png]
[pk.madi.ru/uploads/images/2021/06/11/1623409074_s12.png]
[pk.madi.ru/uploads/images/2021/06/11/thumbs/1623409074_s12.png]
[pk.madi.ru/4507-chto-nuzhno-znat-chtoby-postupit-v-madi.html]
[pk.madi.ru/uploads/files/2021/06/11/1623398897_1.Avtomobilynyyservis(b).pdf]
[pk.madi.ru/uploads/images/2021/02/01/1612190627_File-download2.png]
[pk.madi.ru/uploads/files/2021/06/16/1623867327_1.Avtomobilynyyservis(b).pdf]
[pk.madi.ru/uploads/files/2021/06/16/1623867361_2.Intellektualynyetelematicheskiesistemyvavtotransportnomkomplekse(b).pdf]
[pk.madi.ru/uploads/files/2021/06/16/1623867411_4.Servisdoroghno-stroitelynyhmashinioborudovaniya(b).pdf]
[pk.madi.ru/uploads/files/2021/06/16/1623867505_1.Avtomobilynyedorogi(b).pdf]
[pk.madi.ru/uploads/files/2021/06/16/1623867538_2.Avtodoroghnyemostyitonneli(b).pdf]
[pk.madi.ru/uploads/files/2021/06/16/1623867601_3.Aerodromy(b).pdf]
[pk.madi.ru/uploads/files/2021/06/16/1623867637_2.Vychislitelynyeicifrovyelokalynyeupravlyayuschiesistemyvstroitelystve(b).pdf]
[pk.madi.ru/uploads/files/2021/06/16/1623867616_1.Avtomatizirovannyesistemyobrabotkiinformaciiiupravleniyavotraslyahtransportno-doroghnogokompleksa(b).pdf]
[pk.madi.ru/uploads/files/2021/06/16/1623867657_1.Oborudovanieitehnologiyapovysheniyaiznosostoykostiivosstanovleniedetaleymashiniapparatov(b).pdf]
[pk.madi.ru/uploads/files/2021/06/16/1623867668_3.Podyemno-transportnye,stroitelynye,doroghnyemashinyioborudovanie(b).pdf]
[pk.madi.ru/uploads/files/2021/06/16/1623867696_1.Gidravlicheskiemashiny,gidroprivodyigidropnevmoavtomatika(b).pdf]
[pk.madi.ru/uploads/files/2021/06/16/1623867696_4.Logistikameghdunarodnogotovarodvigheniya(b).pdf]
[pk.madi.ru/uploads/files/2021/06/16/1623868608_5.Upravleniecifrovymitransportno-logisticheskimiprocessami(b).pdf]
[pk.madi.ru/uploads/files/2021/06/16/1623868645_3.Organizaciyaibezopasnostydvigheniya(b).pdf]
[pk.madi.ru/uploads/files/2021/06/16/1623868640_2.Informacionnyesistemyitehnologiivotraslyahtransportno-doroghnogokompleksa(b).pdf]
[pk.madi.ru/uploads/files/2021/06/16/1623868746_3.Elektrooborudovanieavtomobileyielektromobili(b).pdf]
[pk.madi.ru/uploads/files/2021/06/16/1623868690_1.Dvigatelivnutrennegosgoraniya(b).pdf]
[pk.madi.ru/uploads/files/2021/06/16/1623868694_2.Inghenernayazaschitaokrughayuscheysredy(b).pdf]
[pk.madi.ru/uploads/files/2021/06/16/1623868755_4.Servistransportnyhsredstv(b).pdf]
[pk.madi.ru/uploads/files/2021/06/16/1623868779_«Ekonomikapredpriyatiyiorganizaciy(transport)»(b).pdf]
[pk.madi.ru/uploads/files/2021/06/16/1623868796_«Ekonomikapredpriyatiyiorganizaciy(stroitelystvo)»(b).pdf]
[pk.madi.ru/uploads/files/2021/06/16/1623868777_«Mirovayaekonomika»(b).pdf]
[pk.madi.ru/uploads/files/2021/06/16/1623868850_1.Logistikaiupravleniecepyamipostavok(b).pdf]
[pk.madi.ru/uploads/files/2021/06/16/1623868919_3.Menedghmentorganizacii(b).pdf]
[pk.madi.ru/uploads/files/2021/06/16/1623868955_2.Upravlenieproektom(b).pdf]
[pk.madi.ru/uploads/files/2021/06/16/1623868996_4.Upravleniepersonalomorganizacii(b).pdf]
[pk.madi.ru/uploads/files/2021/06/16/1623868931_5.Avtomobilynayatehnikavtransportnyhtehnologiyah(s).pdf]
[pk.madi.ru/uploads/files/2021/06/16/1623869120_6.Podyemno-transportnye,stroitelynye,doroghnyesredstvaioborudovanie(s).pdf]
[pk.madi.ru/uploads/files/2021/06/16/1623869056_4.Stroitelystvoavtomagistraley,aerodromovispecialynyhsoorugheniy(s).pdf]
[pk.madi.ru/uploads/files/2021/06/16/1623869158_5.Nazemnyetransportnyesredstvaikompleksyaerodromno-tehnicheskogoobespecheniyapoletovaviacii(s).pdf]
[pk.madi.ru/uploads/files/2021/06/16/1623869178_2.Voennye,gusenichnyeikolesnyemashiny(s).pdf]
[pk.madi.ru/uploads/files/2021/06/17/1623933072_Nazemnyetransportnyekompleksyraketnoytehniki.pdf]
[pk.madi.ru/uploads/files/2021/06/16/1623869884_5.Tamoghennayalogistika(s).pdf]
[pk.madi.ru/4487-op-bakalavriata-i-specialiteta.html]
[pk.madi.ru/uploads/files/2021/06/17/1623927666_12.Matematicheskoeikompyyuternoemodelirovaniesloghnyhsocialyno-tehnicheskihsistem(m).pdf]
[pk.madi.ru/uploads/files/2021/06/17/1623927713_Analitikaiupravlenieraspredelennymidannymi(m).pdf]
[pk.madi.ru/uploads/files/2021/06/17/1623927729_11.Integrirovannyeavtomatizirovannyesistemyvotraslyahtransportno-doroghnogokompleksa(m).pdf]
[pk.madi.ru/uploads/files/2021/06/17/1623927772_6.Issledovaniyaiispytaniyanazemnyhtransportno-tehnologicheskihmashin(m).pdf]
[pk.madi.ru/uploads/files/2021/06/17/1623927737_10.Proizvodstvoiremonttransportno-tehnologicheskihmashin(m).pdf]
[pk.madi.ru/uploads/files/2021/06/17/1623927836_9.Mashiny,kompleksyioborudovaniedlyastroitelystvaivosstanovleniyadorogiaerodromov(m).pdf]
[pk.madi.ru/uploads/files/2021/06/17/1623927786_7.Sintezinfrastrukturytelematikiavtotransportnogokompleksa(m).pdf]
[pk.madi.ru/uploads/files/2021/06/17/1623927832_9.Cifrovyetehnologiiidizaynvproektirovaniiobyektovtransportnoyinfrastruktury(m).pdf]
[pk.madi.ru/uploads/files/2021/06/17/1623927838_8.Cifrovizaciyavupravleniitehnicheskimsostoyaniem(m).pdf]
[pk.madi.ru/uploads/files/2021/06/17/1623927913_10.Ekspertizaiocenkavavtomobilynomservise(m).pdf]
[pk.madi.ru/uploads/files/2021/06/17/1623927853_11.Ekspluataciyatransportnyhsredstv(m).pdf]
[pk.madi.ru/uploads/files/2021/06/17/1623927903_6.Innovacionnyetehnologiiobespecheniyaghiznennogociklanazemnyhtransportno-tehnologicheskihmashinikompleksov(m).pdf]
[pk.madi.ru/uploads/files/2021/06/17/1623927978_11.Servisdoroghno-stroitelynyhmashin(m).pdf]
[pk.madi.ru/uploads/files/2021/06/17/1623928014_10.Stroitelystvoiekspluataciyaaeroportoviaerodromov(m).pdf]
[pk.madi.ru/uploads/files/2021/06/17/1623927972_5.Iskusstvennyesoorugheniyanatransporte,sposobyihvozvedeniyaiekspluatacii(m).pdf]
[pk.madi.ru/uploads/files/2021/06/17/1623928033_8.Stroitelynayamehanika(m).pdf]
[pk.madi.ru/uploads/files/2021/06/17/1623927993_6.Materialyiizdeliyadlyatransportnogostroitelystva(m).pdf]
[pk.madi.ru/uploads/files/2021/06/17/1623928046_7.Proektirovanieavtomobilynyhdorogigorodskihulic(m).pdf]
[pk.madi.ru/uploads/files/2021/06/17/1623928026_9.Stroitelystvoavtomagistraleyiupravlenieproektami(m).pdf]
[pk.madi.ru/uploads/files/2021/06/17/1623928018_4.Gidravlicheskiemashiny,gidroprivodyigidropnevmoavtomatika(m).pdf]
[pk.madi.ru/uploads/files/2021/06/17/1623928093_5.Mashinovedenieidetalimashin(m).pdf]
[pk.madi.ru/uploads/files/2021/06/17/1623928093_8.Tehnologiyamashinostroeniya(m).pdf]
[pk.madi.ru/uploads/files/2021/06/17/1623928119_7.Lokalynyesistemyavtomatizacii(m).pdf]
[pk.madi.ru/uploads/files/2021/06/17/1623928173_10.Organizaciyatransportnogoobespecheniyavneshneekonomicheskoydeyatelynosti(m).pdf]
[pk.madi.ru/uploads/files/2021/06/17/1623928303_10.Organizaciyaibezopasnostydvigheniya(m).pdf]
[pk.madi.ru/uploads/files/2021/06/17/1623928305_9.Transportnoeplanirovanie(m).pdf]
[pk.madi.ru/uploads/files/2021/06/17/1623928370_8.Menedghmentcifrovyhtransportnyhsistem(m).pdf]
[pk.madi.ru/uploads/files/2021/06/17/1623928393_9.Upravlenieprogrammamiiproektami(m).pdf]
[pk.madi.ru/uploads/files/2021/06/17/1623928427_7.Resursoeffektivnayalogistikaproizvodstva(m).pdf]
[pk.madi.ru/uploads/files/2021/06/17/1623928425_6.Logistikavtransportnyhsistemah(m).pdf]
[pk.madi.ru/uploads/files/2021/06/17/1623928479_6.Upravleniechelovecheskimiresursami(m).pdf]
[pk.madi.ru/uploads/files/2021/06/17/1623928451_8.Upravleniepersonalomorganizacii(m).pdf]
[pk.madi.ru/uploads/files/2021/06/17/1623928736_Ekonomikafirmyiotraslevyhrynkov(m).pdf]
[pk.madi.ru/uploads/files/2021/06/17/1623928790_«Ekonomikakompleksnogorazvitiyaterritoriyiaglomeraciy»(m).pdf]
[pk.madi.ru/uploads/files/2021/06/17/1623928843_«Upravleniefinansovoydeyatelynostyyuorganizacii»(m).pdf]
[pk.madi.ru/uploads/files/2021/06/17/1623928903_7.Elektrooborudovanieavtomobileyielektromobili(m).pdf]
[pk.madi.ru/uploads/files/2021/06/17/1623928906_4.Dvigatelivnutrennegosgoraniya(m).pdf]
[pk.madi.ru/uploads/files/2021/06/17/1623928931_5.Inghenernayazaschitaokrughayuscheysredyvdoroghno-transportnomkomplekse(m).pdf]
[pk.madi.ru/4488-op-magistratura.html]
[pk.madi.ru/4453-podgotovitelnye-kursy.html]
[pk.madi.ru/4478-minimalnye-prohodnye-bally.html]
[pk.madi.ru/4515-itogi-priemnoy-kampanii-2021.html]
[pk.madi.ru/4511-150-inostrannyh-abiturientov-stal.html]
[pk.madi.ru/uploads/images/2021/07/08/1625731292_DSCF4274.jpg]
[pk.madi.ru/uploads/images/2021/07/08/thumbs/1625731292_DSCF4274.jpg]
[pk.madi.ru/uploads/images/2021/07/08/1625731305_DSCF4261.jpg]
[pk.madi.ru/uploads/images/2021/07/08/thumbs/1625731305_DSCF4261.jpg]
[pk.madi.ru/uploads/images/2021/07/08/1625731312_DSCF4252.jpg]
[pk.madi.ru/uploads/images/2021/07/08/thumbs/1625731312_DSCF4252.jpg]
[pk.madi.ru/4510-chislo-postupayuschih-v-madi-v-2021-godu-vozroslo-v-tri-raza.html]
[pk.madi.ru/56-inogorodnim-abiturientam.html]
[pk.madi.ru/templates/default/css/csshover3.html]
[pk.madi.ru/templates/default/uploads/images/2021/02/01/1612190627_File-download2.html]
[pk.madi.ru/templates/default/images/icon-ded.svg]
[pk.madi.ru/templates/default/images/earth.svg]
[pk.madi.ru/templates/default/images/earth_w.svg]
[pk.madi.ru/templates/default/images/hat.svg]
[pk.madi.ru/templates/default/images/hat_w.svg]
[pk.madi.ru/templates/default/images/uni.svg]
[pk.madi.ru/templates/default/images/uni_w.svg]
[pk.madi.ru/templates/default/images/book.svg]
[pk.madi.ru/templates/default/images/book_w.svg]
[pk.madi.ru/templates/default/images/brain.svg]
[pk.madi.ru/templates/default/images/brain_w.svg]
[pk.madi.ru/templates/default/images/per.svg]
[pk.madi.ru/templates/default/images/per_w.svg]
[pk.madi.ru/templates/default/fonts/icomoon.svg]
[pk.madi.ru/templates/default/css/quickform.css]
[pk.madi.ru/uploads/images/2021/03/23/thumbs/1616496417_XoVKLvCmOQ8.jpg]
[pk.madi.ru/uploads/images/2021/03/19/thumbs/1616150842_1580812126_img_0751_novyy-razmer.jpg]
[pk.madi.ru/uploads/images/2021/01/15/1610701005_dod2.png]
[pk.madi.ru/uploads/images/2021/01/15/1610699259_instnews.png]
[pk.madi.ru/uploads/images/2020/12/14/1607935973_1601469950_img_9978.jpg]
[pk.madi.ru/uploads/images/2020/12/08/1607446743_1607432130_udyutg25ro0_novyy-razmer.jpg]
[pk.madi.ru/uploads/images/2020/12/03/1606978584_1606895946_madi-2019-dlya-yua-2020-2_novyy-razmer.jpg]
[pk.madi.ru/uploads/images/2020/12/01/1606836530_1606805741_img_4612_novyy-razmer.jpg]
[pk.madi.ru/uploads/images/2020/11/27/1606467118_1606398208_dscf2141_novyy-razmer.jpg]
[pk.madi.ru/uploads/images/2020/11/24/1606223511_870x489_0x0_detail_crop_20201020062538_4d7a0cb3_a295461a640f77897816422c458c5f3752e2cfb3319d9e45764fa92e897c07b9.jpg]
[pk.madi.ru/uploads/images/2020/11/23/1606114309_sem-shagov-k-uspehu.2342.orig.jpg]
[pk.madi.ru/uploads/images/2020/11/23/1606114486_1605885412_.jpg]
[pk.madi.ru/news/2/index.html]
[pk.madi.ru/uploads/images/2020/11/21/1605948959_1605870922_vetnam(1).jpg]
[pk.madi.ru/uploads/images/2020/11/21/1605948723_geograficheskiydiktant01(1).jpg]
[pk.madi.ru/uploads/images/2020/11/21/1605949082_1605711399_img_5395_novyy-razmer.jpg]
[pk.madi.ru/uploads/images/2020/11/13/1605257081_1605247707_ulybka-druga_duke-sarango_novyy-razmer.jpg]
[pk.madi.ru/uploads/images/2020/11/16/1605528204_2287166.jpg]
[pk.madi.ru/uploads/images/2020/11/13/1605256682_1605076332_3pdr1kfbjeu_novyy-razmer.jpg]
[pk.madi.ru/uploads/images/2020/11/13/1605257594_1604990294_moya-strana_vetnam_novyy-razmer.jpg]
[pk.madi.ru/uploads/images/2020/11/13/1605256557_1604557717_dscf8347_novyy-razmer.jpg]
[pk.madi.ru/uploads/images/2020/11/02/1604300674_pp.png]
[pk.madi.ru/uploads/images/2020/10/29/1603998896_1603896619_zorin_seminar_novyy-razmer.jpg]
[pk.madi.ru/uploads/images/2020/10/29/1603999286_1603982281_poster_pechat_zhpg_novyy-razmer—kopiya.jpg]
[pk.madi.ru/uploads/images/2020/10/29/1603998838_183521_original.jpg]
[pk.madi.ru/news/3/index.html]
[pk.madi.ru/uploads/images/2020/10/29/1603976539_sports-couple-riding-bikes-summer-forest.jpg]
[pk.madi.ru/news/4/index.html]
[pk.madi.ru/4508-proforientacionnyy-proekt-dlya-u.html]
[pk.madi.ru/4506-gknpc-im-mv-hrunicheva-obyavlyaet-nabor-na-celevoe-obuchenie.html]
[pk.madi.ru/4504-inzhenernye-klassy.html]
[pk.madi.ru/4501-stoimost-obucheniya-po-programmam.html]
[pk.madi.ru/4502-stoimost-obucheniya-po-programmam-magistratury.html]
[pk.madi.ru/96-plan-priema-dlya-magistratury.html]
[pk.madi.ru/95-perechen-napravleniy-podgotovki.html]
[pk.madi.ru/uploads/files/2019/06/25/1561467849_Programma vstupitelynyh ispytaniy v magistraturu 2019 ochnaya IASU.pdf]
[pk.madi.ru/uploads/files/2020/06/16/1592327727_Vstup.ekzameny v magistraturu_2020_mAE.pdf]
[pk.madi.ru/uploads/files/2020/06/16/1592305270_13.04.03-Vtupitelynye magistratura_2020.pdf]
[pk.madi.ru/uploads/files/08-02-2017/1486561784_15.04.01-programma-vstupitelnogo-ekzamena.zip]
[pk.madi.ru/uploads/files/2020/11/04/1604509378_15.04.02GPProgramma2019.docx]
[pk.madi.ru/uploads/files/2020/06/16/1592307255_15.04.04 mALS_Programma vstupitelynogo ispytaniya (ekzamena). Magistratura 2020.pdf]
[pk.madi.ru/uploads/files/2019/06/21/1561103962_1530800600_2018-avtom.-perevozki.pdf]
[pk.madi.ru/uploads/files/2021/07/20/1626770291_ProgrammavstupitelynogoekzamenamVD.pdf]
[pk.madi.ru/uploads/files/08-02-2017/1486561794_23.04.02.zip]
[pk.madi.ru/uploads/files/2020/07/22/1595422850_1592563853_eks (3).pdf]
[pk.madi.ru/uploads/files/2020/06/20/1592677023_mag. ek.pdf]
[pk.madi.ru/uploads/files/2021/07/14/1626260846_ProgrammavstupitelynogoekzmUPR2021(1).pdf]
[pk.madi.ru/uploads/files/2021/07/14/1626260867_ProgrammavstupekzmChR21-22(1).pdf]
[pk.madi.ru/uploads/files/2021/07/19/1626705177_ProgrammavstupitelynyhmL.pdf]
[pk.madi.ru/uploads/files/2021/07/19/1626705263_ProgrammavstupitelynyhmRLP.pdf]
[pk.madi.ru/uploads/files/2021/07/20/1626764179_doc00133620210719100945.pdf]
[pk.madi.ru/uploads/files/2021/07/14/1626260771_ProgrammavstupitelynyhekzamenovvmagistraturumUP.pdf]
[pk.madi.ru/105-programma-vstupitelnyh-ekzamenov.html]
[pk.madi.ru/uploads/images/02-02-2017/1486035512_at2.jpg]
[pk.madi.ru/uploads/images/02-02-2017/thumbs/1486035512_at2.jpg]
[pk.madi.ru/uploads/images/02-02-2017/1486035507_at4.jpg]
[pk.madi.ru/uploads/images/02-02-2017/thumbs/1486035507_at4.jpg]
[pk.madi.ru/uploads/images/02-02-2017/1486035489_at5.jpg]
[pk.madi.ru/uploads/images/02-02-2017/thumbs/1486035489_at5.jpg]
[pk.madi.ru/12-fakultety-madi-fakultet-avtomobilnogo-transporta-atf.html]
[pk.madi.ru/uploads/files/2021/05/27/1622111574_OPOP_13_03_03_«Dvigatelivnutrennegosgoraniya»_bDVS.pdf]
[pk.madi.ru/uploads/files/2021/05/27/1622111601_OPOP_20_03_01_«Inghenernaya_zaschita_okrughayuschey_sredy»_bZS.pdf]
[pk.madi.ru/uploads/files/2021/05/27/1622111653_OPOP_13_04_03_«Energeticheskoemashinostroenie»_mDVS.pdf]
[pk.madi.ru/uploads/files/2021/05/27/1622111692_OPOP_20_04_01_«Inghenernayazaschitaokrughayuscheysredyvdoroghno-transportnomkomplekse»_mZS.pdf]
[pk.madi.ru/uploads/files/2021/05/27/1622111647_OPOP_20_04_01_«Ustoychivyygorodskoytransport»_mUGT.pdf]
[pk.madi.ru/uploads/files/2021/04/22/1619095035_1589541214_kaf.Elektrotehnikaielektrooborudovanie.pdf]
[pk.madi.ru/uploads/files/2021/04/22/1619095018_1589541236_Kaf.Teploenergetikaiavtotraktoryedvigateli.pdf]
[pk.madi.ru/uploads/files/2021/04/22/1619094960_1589541239_Tehnosfernayabezopasnosty.pdf]
[pk.madi.ru/uploads/images/22-01-2017/1485113112_bakalavriat_1.jpg]
[pk.madi.ru/uploads/images/22-01-2017/thumbs/1485113112_bakalavriat_1.jpg]
[pk.madi.ru/uploads/images/22-01-2017/1485113096_bakalavriat_2.jpg]
[pk.madi.ru/uploads/images/22-01-2017/thumbs/1485113096_bakalavriat_2.jpg]
[pk.madi.ru/uploads/images/22-01-2017/1485113044_bakalavriat_4.jpg]
[pk.madi.ru/uploads/images/22-01-2017/thumbs/1485113044_bakalavriat_4.jpg]
[pk.madi.ru/uploads/images/22-01-2017/1485113084_bakalavriat_8.jpg]
[pk.madi.ru/uploads/images/22-01-2017/thumbs/1485113084_bakalavriat_8.jpg]
[pk.madi.ru/uploads/images/22-01-2017/1485113065_bakalavriat_9.jpg]
[pk.madi.ru/uploads/images/22-01-2017/thumbs/1485113065_bakalavriat_9.jpg]
[pk.madi.ru/uploads/images/22-01-2017/1485113058_bakalavriat_11.jpg]
[pk.madi.ru/uploads/images/22-01-2017/thumbs/1485113058_bakalavriat_11.jpg]
[pk.madi.ru/uploads/images/22-01-2017/1485113126_bakalavriat_12.jpg]
[pk.madi.ru/uploads/images/22-01-2017/thumbs/1485113126_bakalavriat_12.jpg]
[pk.madi.ru/uploads/images/22-01-2017/1485113102_bakalavry_1.jpg]
[pk.madi.ru/uploads/images/22-01-2017/thumbs/1485113102_bakalavry_1.jpg]
[pk.madi.ru/uploads/images/22-01-2017/1485113054_bakalavry_2.jpg]
[pk.madi.ru/uploads/images/22-01-2017/thumbs/1485113054_bakalavry_2.jpg]
[pk.madi.ru/uploads/images/22-01-2017/1485113098_dvs_bakalavriat_ris-01.jpg]
[pk.madi.ru/uploads/images/22-01-2017/thumbs/1485113098_dvs_bakalavriat_ris-01.jpg]
[pk.madi.ru/uploads/images/22-01-2017/1485113121_dvs_bakalavriat_ris-07.jpg]
[pk.madi.ru/uploads/images/22-01-2017/thumbs/1485113121_dvs_bakalavriat_ris-07.jpg]
[pk.madi.ru/uploads/images/22-01-2017/1485113125_magistratura_1.jpg]
[pk.madi.ru/uploads/images/22-01-2017/thumbs/1485113125_magistratura_1.jpg]
[pk.madi.ru/uploads/images/22-01-2017/1485113051_magistratura_2.jpg]
[pk.madi.ru/uploads/images/22-01-2017/thumbs/1485113051_magistratura_2.jpg]
[pk.madi.ru/uploads/images/22-01-2017/1485113100_magistratura_5.jpg]
[pk.madi.ru/uploads/images/22-01-2017/thumbs/1485113100_magistratura_5.jpg]
[pk.madi.ru/uploads/images/22-01-2017/1485113112_magistratura_6.jpg]
[pk.madi.ru/uploads/images/22-01-2017/thumbs/1485113112_magistratura_6.jpg]
[pk.madi.ru/uploads/images/22-01-2017/1485113056_magistry.jpg]
[pk.madi.ru/uploads/images/22-01-2017/thumbs/1485113056_magistry.jpg]
[pk.madi.ru/uploads/images/22-01-2017/1485113086_risunok1.jpg]
[pk.madi.ru/uploads/images/22-01-2017/thumbs/1485113086_risunok1.jpg]
[pk.madi.ru/uploads/images/22-01-2017/1485113078_risunok2.jpg]
[pk.madi.ru/uploads/images/22-01-2017/thumbs/1485113078_risunok2.jpg]
[pk.madi.ru/uploads/images/22-01-2017/1485113075_risunok2.png]
[pk.madi.ru/uploads/images/22-01-2017/thumbs/1485113075_risunok2.png]
[pk.madi.ru/uploads/images/22-01-2017/1485113124_risunok3.jpg]
[pk.madi.ru/uploads/images/22-01-2017/thumbs/1485113124_risunok3.jpg]
[pk.madi.ru/uploads/images/22-01-2017/1485113074_risunok5.jpg]
[pk.madi.ru/uploads/images/22-01-2017/thumbs/1485113074_risunok5.jpg]
[pk.madi.ru/17-energo-ekologicheskiy-fakultet-eef.html]
[pk.madi.ru/uploads/files/2021/05/26/1622034630_OPOP_09.03.01_bCUS.pdf]
[pk.madi.ru/uploads/files/2021/05/26/1622034560_OPOP_15.03.01_bTV.pdf]
[pk.madi.ru/uploads/files/2021/05/26/1622034585_OPOP_23.03.02_pDM.pdf]
[pk.madi.ru/uploads/files/2021/05/26/1622034593_OPOP_23.03.03_bSM.pdf]
[pk.madi.ru/uploads/files/2021/05/26/1622035467_OPOP_23.05.01_sDM.pdf]
[pk.madi.ru/uploads/files/2021/05/26/1622035424_OPOP_23.05.02_sAM.pdf]
[pk.madi.ru/uploads/files/2021/05/26/1622035777_OPOP_15.04.01_mTM.pdf]
[pk.madi.ru/uploads/files/2021/05/26/1622035787_OPOP_15.04.04_mALS.pdf]
[pk.madi.ru/uploads/files/2021/05/26/1622035787_OPOP_23.04.02_mPR.pdf]
[pk.madi.ru/uploads/files/2021/05/26/1622035847_OPOP_23.04.02_mDM.pdf]
[pk.madi.ru/uploads/files/2021/05/26/1622035794_OPOP_23.04.03_mSM.pdf]
[pk.madi.ru/uploads/files/2021/05/19/1621435239_1589540624_KafedraDM_FDTM_prezentaciya2020(1).pdf]
[pk.madi.ru/uploads/files/2021/05/19/1621435266_1589540538_PrezentaciyaPRADM_FDTM_2020(1).pdf]
[pk.madi.ru/uploads/files/2021/05/19/1621435315_1589540723_kaf.Avtomatizaciyaproizvodstvennyhprocessov(1).pdf]
[pk.madi.ru/uploads/images/22-01-2017/1485114448__dsc9498.jpg]
[pk.madi.ru/uploads/images/22-01-2017/thumbs/1485114448__dsc9498.jpg]
[pk.madi.ru/uploads/images/22-01-2017/1485114460_1l_2.jpg]
[pk.madi.ru/uploads/images/22-01-2017/thumbs/1485114460_1l_2.jpg]
[pk.madi.ru/uploads/images/22-01-2017/1485114506_2016-06-29-09-32-55.jpg]
[pk.madi.ru/uploads/images/22-01-2017/thumbs/1485114506_2016-06-29-09-32-55.jpg]
[pk.madi.ru/uploads/images/22-01-2017/1485114447_2016-07-04-10-38-56.jpg]
[pk.madi.ru/uploads/images/22-01-2017/thumbs/1485114447_2016-07-04-10-38-56.jpg]
[pk.madi.ru/uploads/images/22-01-2017/1485114453_2016-07-04-11-02-53.jpg]
[pk.madi.ru/uploads/images/22-01-2017/thumbs/1485114453_2016-07-04-11-02-53.jpg]
[pk.madi.ru/uploads/images/22-01-2017/1485114462_2016-07-06-11-36-02.jpg]
[pk.madi.ru/uploads/images/22-01-2017/thumbs/1485114462_2016-07-06-11-36-02.jpg]
[pk.madi.ru/uploads/images/22-01-2017/1485114458_20161108_161156.jpg]
[pk.madi.ru/uploads/images/22-01-2017/thumbs/1485114458_20161108_161156.jpg]
[pk.madi.ru/uploads/images/22-01-2017/1485114462_dsc_0077.jpg]
[pk.madi.ru/uploads/images/22-01-2017/thumbs/1485114462_dsc_0077.jpg]
[pk.madi.ru/uploads/images/22-01-2017/1485114457_dscn1095.jpg]
[pk.madi.ru/uploads/images/22-01-2017/thumbs/1485114457_dscn1095.jpg]
[pk.madi.ru/uploads/images/22-01-2017/1485114467_dscn1100.jpg]
[pk.madi.ru/uploads/images/22-01-2017/thumbs/1485114467_dscn1100.jpg]
[pk.madi.ru/uploads/images/22-01-2017/1485114516_dscn1104.jpg]
[pk.madi.ru/uploads/images/22-01-2017/thumbs/1485114516_dscn1104.jpg]
[pk.madi.ru/uploads/images/22-01-2017/1485114451_dscn1108.jpg]
[pk.madi.ru/uploads/images/22-01-2017/thumbs/1485114451_dscn1108.jpg]
[pk.madi.ru/uploads/images/22-01-2017/1485114515_dscn1113.jpg]
[pk.madi.ru/uploads/images/22-01-2017/thumbs/1485114515_dscn1113.jpg]
[pk.madi.ru/uploads/images/22-01-2017/1485114470_dscn1115.jpg]
[pk.madi.ru/uploads/images/22-01-2017/thumbs/1485114470_dscn1115.jpg]
[pk.madi.ru/uploads/images/22-01-2017/1485114479_dscn1119.jpg]
[pk.madi.ru/uploads/images/22-01-2017/thumbs/1485114479_dscn1119.jpg]
[pk.madi.ru/uploads/images/22-01-2017/1485114497_dscn1123.jpg]
[pk.madi.ru/uploads/images/22-01-2017/thumbs/1485114497_dscn1123.jpg]
[pk.madi.ru/uploads/images/22-01-2017/1485114517_dscn1125.jpg]
[pk.madi.ru/uploads/images/22-01-2017/thumbs/1485114517_dscn1125.jpg]
[pk.madi.ru/uploads/images/22-01-2017/1485114540_img_1870-07-12-16-13-29.jpg]
[pk.madi.ru/uploads/images/22-01-2017/thumbs/1485114540_img_1870-07-12-16-13-29.jpg]
[pk.madi.ru/uploads/images/22-01-2017/1485114491_poligon-madi-mashinka2.jpg]
[pk.madi.ru/uploads/images/22-01-2017/thumbs/1485114491_poligon-madi-mashinka2.jpg]
[pk.madi.ru/uploads/images/22-01-2017/1485114491_praktika-dyusseldorf-1.jpg]
[pk.madi.ru/uploads/images/22-01-2017/thumbs/1485114491_praktika-dyusseldorf-1.jpg]
[pk.madi.ru/uploads/images/22-01-2017/1485114548_praktika-dyusseldorf-2.jpg]
[pk.madi.ru/uploads/images/22-01-2017/thumbs/1485114548_praktika-dyusseldorf-2.jpg]
[pk.madi.ru/uploads/images/22-01-2017/1485114463_praktika-dyusseldorf.jpg]
[pk.madi.ru/uploads/images/22-01-2017/thumbs/1485114463_praktika-dyusseldorf.jpg]
[pk.madi.ru/21-fakultet-dorozhnyh-i-tehnologicheskih-mashin-fdm.html]
[pk.madi.ru/uploads/files/2021/05/24/1621853990_OPOP08.03.01«Stroitelystvo»(bD)-udtverghdena.pdf]
[pk.madi.ru/uploads/files/2021/05/24/1621854005_OPOP08.03.01«Stroitelystvo»(bAMT)-udtverghdena.pdf]
[pk.madi.ru/uploads/files/2021/05/24/1621853956_OPOP08.03.01«Stroitelystvo»(bSA).pdf]
[pk.madi.ru/uploads/files/2021/05/24/1621854146_OPOP08.05.01«Stroitelystvounikalynyhzdaniyisoorugheniy»(MS).pdf]
[pk.madi.ru/uploads/files/2021/05/24/1621854182_OPOP08.04.01«Stroitelystvo»(mM)-udtverghdena.pdf]
[pk.madi.ru/uploads/files/2021/05/24/1621854235_OPOP08.04.01«Stroitelystvo»(mSTM)-udtverghdena.pdf]
[pk.madi.ru/uploads/files/2021/05/24/1621854882_OPOP08.04.01«Stroitelystvo»(mMTS)-udtverghdena.pdf]
[pk.madi.ru/uploads/files/2021/05/24/1621854222_OPOP08.04.01«Stroitelystvo»(mPDU)-udtverghdena.pdf]
[pk.madi.ru/uploads/files/2021/05/24/1621854236_OPOP08.04.01«Stroitelystvo»(mSD)-udtverghdena.pdf]
[pk.madi.ru/uploads/images/22-01-2017/1485115209_1376467726_22-1.jpg]
[pk.madi.ru/uploads/images/22-01-2017/thumbs/1485115209_1376467726_22-1.jpg]
[pk.madi.ru/uploads/images/22-01-2017/1485115145_china.jpg]
[pk.madi.ru/28-dorozhno-stroitelnyy-fakultet-dsf.html]
[pk.madi.ru/31-fakultet-logistiki-i-obschetransportnyh-problem-fl.html]
[pk.madi.ru/34-ekonomicheskiy-fakultet-ef.html]
[pk.madi.ru/36-fakultet-upravleniya-fu.html]
[pk.madi.ru/40-konstruktorsko-mehanicheskiy-fakultet-kmf.html]
[pk.madi.ru/43-fakultet-dovuzovskoy-podgotovki-fdp.html]
[pk.madi.ru/45-zaochnyy-fakultet-ef.html]
[pk.madi.ru/44-podgotovitelnyy-fakultet-dlya-inostrannyh-grazhdan.html]
[pk.madi.ru/4483-informaciya-o-podgotovitelnyh-kursah.html]
[pk.madi.ru/4490-madi-na-vystavke-obrazovanie-i-karera.html]
